../Core/Src/main.c:104:5:main	8	static
../Core/Src/main.c:202:6:SystemClock_Config	88	static
../Core/Src/main.c:252:13:MX_ADC1_Init	24	static
../Core/Src/main.c:331:13:MX_TIM1_Init	96	static
../Core/Src/main.c:405:13:MX_TIM2_Init	64	static
../Core/Src/main.c:464:13:MX_TIM3_Init	32	static
../Core/Src/main.c:509:13:MX_TIM9_Init	56	static
../Core/Src/main.c:561:13:MX_TIM11_Init	40	static
../Core/Src/main.c:605:13:MX_DMA_Init	16	static
../Core/Src/main.c:623:13:MX_GPIO_Init	40	static
../Core/Src/main.c:674:6:StartButtonTask	16	static
../Core/Src/main.c:704:6:StartAdcCalc	16	static
../Core/Src/main.c:722:6:StartHandler1ms	16	static
../Core/Src/main.c:741:6:HAL_TIM_PeriodElapsedCallback	16	static
../Core/Src/main.c:758:6:Error_Handler	4	static,ignoring_inline_asm
