../Core/Src/main.c:107:5:main	8	static
../Core/Src/main.c:207:6:SystemClock_Config	88	static
../Core/Src/main.c:257:13:MX_ADC1_Init	24	static
../Core/Src/main.c:336:13:MX_TIM1_Init	96	static
../Core/Src/main.c:410:13:MX_TIM2_Init	64	static
../Core/Src/main.c:469:13:MX_TIM3_Init	32	static
../Core/Src/main.c:514:13:MX_TIM9_Init	56	static
../Core/Src/main.c:566:13:MX_TIM11_Init	40	static
../Core/Src/main.c:610:13:MX_DMA_Init	16	static
../Core/Src/main.c:628:13:MX_GPIO_Init	40	static
../Core/Src/main.c:679:6:StartButtonTask	16	static
../Core/Src/main.c:723:6:StartAdcCalc	16	static
../Core/Src/main.c:741:6:StartHandler1ms	16	static
../Core/Src/main.c:760:6:HAL_TIM_PeriodElapsedCallback	16	static
../Core/Src/main.c:777:6:Error_Handler	4	static,ignoring_inline_asm
